[    0.000000] Linux version 4.15.0-124-generic (buildd@lgw01-amd64-029) (gcc version 7.5.0 (Ubuntu 7.5.0-3ubuntu1~18.04)) #127-Ubuntu SMP Fri Nov 6 10:54:43 UTC 2020 (Ubuntu 4.15.0-124.127-generic 4.15.18)
[    0.000000] Command line: BOOT_IMAGE=/boot/vmlinuz-4.15.0-124-generic root=LABEL=cloudimg-rootfs ro console=tty1 console=ttyS0
[    0.000000] KERNEL supported cpus:
[    0.000000]   Intel GenuineIntel
[    0.000000]   AMD AuthenticAMD
[    0.000000]   Centaur CentaurHauls
[    0.000000] x86/fpu: Supporting XSAVE feature 0x001: 'x87 floating point registers'
[    0.000000] x86/fpu: Supporting XSAVE feature 0x002: 'SSE registers'
[    0.000000] x86/fpu: Supporting XSAVE feature 0x004: 'AVX registers'
[    0.000000] x86/fpu: xstate_offset[2]:  576, xstate_sizes[2]:  256
[    0.000000] x86/fpu: Enabled xstate features 0x7, context size is 832 bytes, using 'standard' format.
[    0.000000] e820: BIOS-provided physical RAM map:
[    0.000000] BIOS-e820: [mem 0x0000000000000000-0x000000000009fbff] usable
[    0.000000] BIOS-e820: [mem 0x000000000009fc00-0x000000000009ffff] reserved
[    0.000000] BIOS-e820: [mem 0x00000000000f0000-0x00000000000fffff] reserved
[    0.000000] BIOS-e820: [mem 0x0000000000100000-0x000000007ffeffff] usable
[    0.000000] BIOS-e820: [mem 0x000000007fff0000-0x000000007fffffff] ACPI data
[    0.000000] BIOS-e820: [mem 0x00000000fec00000-0x00000000fec00fff] reserved
[    0.000000] BIOS-e820: [mem 0x00000000fee00000-0x00000000fee00fff] reserved
[    0.000000] BIOS-e820: [mem 0x00000000fffc0000-0x00000000ffffffff] reserved
[    0.000000] NX (Execute Disable) protection: active
[    0.000000] SMBIOS 2.5 present.
[    0.000000] DMI: innotek GmbH VirtualBox/VirtualBox, BIOS VirtualBox 12/01/2006
[    0.000000] Hypervisor detected: KVM
[    0.000000] e820: last_pfn = 0x7fff0 max_arch_pfn = 0x400000000
[    0.000000] MTRR: Disabled
[    0.000000] x86/PAT: MTRRs disabled, skipping PAT initialization too.
[    0.000000] CPU MTRRs all blank - virtualized system.
[    0.000000] x86/PAT: Configuration [0-7]: WB  WT  UC- UC  WB  WT  UC- UC  
[    0.000000] found SMP MP-table at [mem 0x0009fff0-0x0009ffff]
[    0.000000] Scanning 1 areas for low memory corruption
[    0.000000] RAMDISK: [mem 0x35a67000-0x36d2afff]
[    0.000000] ACPI: Early table checksum verification disabled
[    0.000000] ACPI: RSDP 0x00000000000E0000 000024 (v02 VBOX  )
[    0.000000] ACPI: XSDT 0x000000007FFF0030 00003C (v01 VBOX   VBOXXSDT 00000001 ASL  00000061)
[    0.000000] ACPI: FACP 0x000000007FFF00F0 0000F4 (v04 VBOX   VBOXFACP 00000001 ASL  00000061)
[    0.000000] ACPI: DSDT 0x000000007FFF0470 002325 (v02 VBOX   VBOXBIOS 00000002 INTL 20100528)
[    0.000000] ACPI: FACS 0x000000007FFF0200 000040
[    0.000000] ACPI: FACS 0x000000007FFF0200 000040
[    0.000000] ACPI: APIC 0x000000007FFF0240 00005C (v02 VBOX   VBOXAPIC 00000001 ASL  00000061)
[    0.000000] ACPI: SSDT 0x000000007FFF02A0 0001CC (v01 VBOX   VBOXCPUT 00000002 INTL 20100528)
[    0.000000] No NUMA configuration found
[    0.000000] Faking a node at [mem 0x0000000000000000-0x000000007ffeffff]
[    0.000000] NODE_DATA(0) allocated [mem 0x7ffc5000-0x7ffeffff]
[    0.000000] kvm-clock: cpu 0, msr 0:7ff44001, primary cpu clock
[    0.000000] kvm-clock: Using msrs 4b564d01 and 4b564d00
[    0.000000] kvm-clock: using sched offset of 3858798972 cycles
[    0.000000] clocksource: kvm-clock: mask: 0xffffffffffffffff max_cycles: 0x1cd42e4dffb, max_idle_ns: 881590591483 ns
[    0.000000] Zone ranges:
[    0.000000]   DMA      [mem 0x0000000000001000-0x0000000000ffffff]
[    0.000000]   DMA32    [mem 0x0000000001000000-0x000000007ffeffff]
[    0.000000]   Normal   empty
[    0.000000]   Device   empty
[    0.000000] Movable zone start for each node
[    0.000000] Early memory node ranges
[    0.000000]   node   0: [mem 0x0000000000001000-0x000000000009efff]
[    0.000000]   node   0: [mem 0x0000000000100000-0x000000007ffeffff]
[    0.000000] Reserved but unavailable: 98 pages
[    0.000000] Initmem setup node 0 [mem 0x0000000000001000-0x000000007ffeffff]
[    0.000000] ACPI: PM-Timer IO Port: 0x4008
[    0.000000] IOAPIC[0]: apic_id 2, version 32, address 0xfec00000, GSI 0-23
[    0.000000] ACPI: INT_SRC_OVR (bus 0 bus_irq 0 global_irq 2 dfl dfl)
[    0.000000] ACPI: INT_SRC_OVR (bus 0 bus_irq 9 global_irq 9 low level)
[    0.000000] Using ACPI (MADT) for SMP configuration information
[    0.000000] smpboot: Allowing 2 CPUs, 0 hotplug CPUs
[    0.000000] PM: Registered nosave memory: [mem 0x00000000-0x00000fff]
[    0.000000] PM: Registered nosave memory: [mem 0x0009f000-0x0009ffff]
[    0.000000] PM: Registered nosave memory: [mem 0x000a0000-0x000effff]
[    0.000000] PM: Registered nosave memory: [mem 0x000f0000-0x000fffff]
[    0.000000] e820: [mem 0x80000000-0xfebfffff] available for PCI devices
[    0.000000] Booting paravirtualized kernel on KVM
[    0.000000] clocksource: refined-jiffies: mask: 0xffffffff max_cycles: 0xffffffff, max_idle_ns: 7645519600211568 ns
[    0.000000] random: get_random_bytes called from start_kernel+0x99/0x500 with crng_init=0
[    0.000000] setup_percpu: NR_CPUS:8192 nr_cpumask_bits:2 nr_cpu_ids:2 nr_node_ids:1
[    0.000000] percpu: Embedded 45 pages/cpu s147456 r8192 d28672 u1048576
[    0.000000] PV qspinlock hash table entries: 256 (order: 0, 4096 bytes)
[    0.000000] Built 1 zonelists, mobility grouping on.  Total pages: 515961
[    0.000000] Policy zone: DMA32
[    0.000000] Kernel command line: BOOT_IMAGE=/boot/vmlinuz-4.15.0-124-generic root=LABEL=cloudimg-rootfs ro console=tty1 console=ttyS0
[    0.000000] Memory: 2015224K/2096696K available (12300K kernel code, 2482K rwdata, 4272K rodata, 2436K init, 2724K bss, 81472K reserved, 0K cma-reserved)
[    0.000000] SLUB: HWalign=64, Order=0-3, MinObjects=0, CPUs=2, Nodes=1
[    0.000000] Kernel/User page tables isolation: enabled
[    0.000000] ftrace: allocating 39402 entries in 154 pages
[    0.004000] Hierarchical RCU implementation.
[    0.004000] 	RCU restricting CPUs from NR_CPUS=8192 to nr_cpu_ids=2.
[    0.004000] 	Tasks RCU enabled.
[    0.004000] RCU: Adjusting geometry for rcu_fanout_leaf=16, nr_cpu_ids=2
[    0.004000] NR_IRQS: 524544, nr_irqs: 440, preallocated irqs: 16
[    0.004000] Console: colour VGA+ 80x25
[    0.004000] console [tty1] enabled
[    0.004000] console [ttyS0] enabled
[    0.004000] ACPI: Core revision 20170831
[    0.004000] ACPI: 2 ACPI AML tables successfully acquired and loaded
[    0.004000] APIC: Switch to symmetric I/O mode setup
[    0.004000] x2apic enabled
[    0.004000] Switched APIC routing to physical x2apic.
[    0.004000] ..TIMER: vector=0x30 apic1=0 pin1=2 apic2=-1 pin2=-1
[    0.004005] tsc: Detected 2711.998 MHz processor
[    0.005007] Calibrating delay loop (skipped) preset value.. 5423.99 BogoMIPS (lpj=10847992)
[    0.008003] pid_max: default: 32768 minimum: 301
[    0.009033] Security Framework initialized
[    0.009920] Yama: becoming mindful.
[    0.012024] AppArmor: AppArmor initialized
[    0.016052] Dentry cache hash table entries: 262144 (order: 9, 2097152 bytes)
[    0.020015] Inode-cache hash table entries: 131072 (order: 8, 1048576 bytes)
[    0.021597] Mount-cache hash table entries: 4096 (order: 3, 32768 bytes)
[    0.024011] Mountpoint-cache hash table entries: 4096 (order: 3, 32768 bytes)
[    0.025797] Last level iTLB entries: 4KB 64, 2MB 8, 4MB 8
[    0.026933] Last level dTLB entries: 4KB 64, 2MB 0, 4MB 0, 1GB 4
[    0.028003] Spectre V1 : Mitigation: usercopy/swapgs barriers and __user pointer sanitization
[    0.029875] Spectre V2 : Mitigation: Full generic retpoline
[    0.031061] Spectre V2 : Spectre v2 / SpectreRSB mitigation: Filling RSB on context switch
[    0.032003] Speculative Store Bypass: Vulnerable
[    0.033028] SRBDS: Unknown: Dependent on hypervisor status
[    0.034187] MDS: Mitigation: Clear CPU buffers
[    0.036217] Freeing SMP alternatives memory: 36K
[    0.148163] smpboot: CPU0: Intel(R) Core(TM) i5-7200U CPU @ 2.50GHz (family: 0x6, model: 0x8e, stepping: 0x9)
[    0.150589] Performance Events: unsupported p6 CPU model 142 no PMU driver, software events only.
[    0.152041] Hierarchical SRCU implementation.
[    0.153750] NMI watchdog: Perf event create on CPU 0 failed with -2
[    0.156006] NMI watchdog: Perf NMI watchdog permanently disabled
[    0.160073] smp: Bringing up secondary CPUs ...
[    0.164092] x86: Booting SMP configuration:
[    0.165117] .... node  #0, CPUs:      #1
[    0.004000] kvm-clock: cpu 1, msr 0:7ff44041, secondary cpu clock
[    0.172022] smp: Brought up 1 node, 2 CPUs
[    0.173010] smpboot: Max logical packages: 1
[    0.174051] smpboot: Total of 2 processors activated (10847.99 BogoMIPS)
[    0.176163] devtmpfs: initialized
[    0.176869] x86/mm: Memory block size: 128MB
[    0.178197] evm: security.selinux
[    0.179026] evm: security.SMACK64
[    0.180003] evm: security.SMACK64EXEC
[    0.180921] evm: security.SMACK64TRANSMUTE
[    0.181897] evm: security.SMACK64MMAP
[    0.182862] evm: security.apparmor
[    0.184007] evm: security.ima
[    0.184754] evm: security.capability
[    0.185665] clocksource: jiffies: mask: 0xffffffff max_cycles: 0xffffffff, max_idle_ns: 7645041785100000 ns
[    0.188016] futex hash table entries: 512 (order: 3, 32768 bytes)
[    0.189558] pinctrl core: initialized pinctrl subsystem
[    0.190973] RTC time:  1:00:47, date: 12/15/20
[    0.192194] NET: Registered protocol family 16
[    0.193407] audit: initializing netlink subsys (disabled)
[    0.194558] audit: type=2000 audit(1607994052.626:1): state=initialized audit_enabled=0 res=1
[    0.196010] cpuidle: using governor ladder
[    0.196971] cpuidle: using governor menu
[    0.198121] ACPI: bus type PCI registered
[    0.200005] acpiphp: ACPI Hot Plug PCI Controller Driver version: 0.5
[    0.201606] PCI: Using configuration type 1 for base access
[    0.208078] HugeTLB registered 2.00 MiB page size, pre-allocated 0 pages
[    0.209769] ACPI: Added _OSI(Module Device)
[    0.212003] ACPI: Added _OSI(Processor Device)
[    0.212008] ACPI: Added _OSI(3.0 _SCP Extensions)
[    0.213161] ACPI: Added _OSI(Processor Aggregator Device)
[    0.214618] ACPI: Added _OSI(Linux-Dell-Video)
[    0.216006] ACPI: Added _OSI(Linux-Lenovo-NV-HDMI-Audio)
[    0.217179] ACPI: Added _OSI(Linux-HPI-Hybrid-Graphics)
[    0.220005] ACPI: Executed 1 blocks of module-level executable AML code
[    0.225802] ACPI: Interpreter enabled
[    0.226743] ACPI: (supports S0 S5)
[    0.227719] ACPI: Using IOAPIC for interrupt routing
[    0.228309] PCI: Using host bridge windows from ACPI; if necessary, use "pci=nocrs" and report a bug
[    0.230650] ACPI: Enabled 2 GPEs in block 00 to 07
[    0.240434] ACPI: PCI Root Bridge [PCI0] (domain 0000 [bus 00-ff])
[    0.241858] acpi PNP0A03:00: _OSC: OS supports [ASPM ClockPM Segments MSI]
[    0.244000] acpi PNP0A03:00: _OSC: not requesting OS control; OS requires [ExtendedConfig ASPM ClockPM MSI]
[    0.244013] acpi PNP0A03:00: fail to add MMCONFIG information, can't access extended PCI configuration space under this bridge.
[    0.248465] PCI host bridge to bus 0000:00
[    0.249475] pci_bus 0000:00: root bus resource [io  0x0000-0x0cf7 window]
[    0.252004] pci_bus 0000:00: root bus resource [io  0x0d00-0xffff window]
[    0.253544] pci_bus 0000:00: root bus resource [mem 0x000a0000-0x000bffff window]
[    0.256003] pci_bus 0000:00: root bus resource [mem 0x80000000-0xfdffffff window]
[    0.257733] pci_bus 0000:00: root bus resource [bus 00-ff]
[    0.261451] pci 0000:00:01.1: legacy IDE quirk: reg 0x10: [io  0x01f0-0x01f7]
[    0.263159] pci 0000:00:01.1: legacy IDE quirk: reg 0x14: [io  0x03f6]
[    0.264003] pci 0000:00:01.1: legacy IDE quirk: reg 0x18: [io  0x0170-0x0177]
[    0.266742] pci 0000:00:01.1: legacy IDE quirk: reg 0x1c: [io  0x0376]
[    0.308307] pci 0000:00:07.0: quirk: [io  0x4000-0x403f] claimed by PIIX4 ACPI
[    0.310819] pci 0000:00:07.0: quirk: [io  0x4100-0x410f] claimed by PIIX4 SMB
[    0.326197] ACPI: PCI Interrupt Link [LNKA] (IRQs 5 9 10 *11)
[    0.328409] ACPI: PCI Interrupt Link [LNKB] (IRQs 5 9 *10 11)
[    0.330582] ACPI: PCI Interrupt Link [LNKC] (IRQs 5 *9 10 11)
[    0.332202] ACPI: PCI Interrupt Link [LNKD] (IRQs 5 9 10 *11)
[    0.336300] SCSI subsystem initialized
[    0.337487] pci 0000:00:02.0: vgaarb: setting as boot VGA device
[    0.337652] pci 0000:00:02.0: vgaarb: VGA device added: decodes=io+mem,owns=io+mem,locks=none
[    0.340014] pci 0000:00:02.0: vgaarb: bridge control possible
[    0.341846] vgaarb: loaded
[    0.344060] ACPI: bus type USB registered
[    0.345428] usbcore: registered new interface driver usbfs
[    0.347336] usbcore: registered new interface driver hub
[    0.348047] usbcore: registered new device driver usb
[    0.352042] EDAC MC: Ver: 3.0.0
[    0.352299] PCI: Using ACPI for IRQ routing
[    0.356024] NetLabel: Initializing
[    0.356024] NetLabel:  domain hash size = 128
[    0.357540] NetLabel:  protocols = UNLABELED CIPSOv4 CALIPSO
[    0.359502] NetLabel:  unlabeled traffic allowed by default
[    0.360120] clocksource: Switched to clocksource kvm-clock
[    0.382069] VFS: Disk quotas dquot_6.6.0
[    0.383282] VFS: Dquot-cache hash table entries: 512 (order 0, 4096 bytes)
[    0.385144] AppArmor: AppArmor Filesystem Enabled
[    0.386331] pnp: PnP ACPI init
[    0.388471] pnp: PnP ACPI: found 3 devices
[    0.396205] clocksource: acpi_pm: mask: 0xffffff max_cycles: 0xffffff, max_idle_ns: 2085701024 ns
[    0.398338] NET: Registered protocol family 2
[    0.399560] TCP established hash table entries: 16384 (order: 5, 131072 bytes)
[    0.401540] TCP bind hash table entries: 16384 (order: 6, 262144 bytes)
[    0.403201] TCP: Hash tables configured (established 16384 bind 16384)
[    0.404784] UDP hash table entries: 1024 (order: 3, 32768 bytes)
[    0.406164] UDP-Lite hash table entries: 1024 (order: 3, 32768 bytes)
[    0.411209] NET: Registered protocol family 1
[    0.412472] pci 0000:00:00.0: Limiting direct PCI/PCI transfers
[    0.413822] pci 0000:00:01.0: Activating ISA DMA hang workarounds
[    0.415260] pci 0000:00:02.0: Video device with shadowed ROM at [mem 0x000c0000-0x000dffff]
[    0.417350] Unpacking initramfs...
[    0.761625] Freeing initrd memory: 19216K
[    0.762839] clocksource: tsc: mask: 0xffffffffffffffff max_cycles: 0x27178451938, max_idle_ns: 440795251172 ns
[    0.764975] platform rtc_cmos: registered platform RTC device (no PNP device found)
[    0.766726] Scanning for low memory corruption every 60 seconds
[    0.768698] Initialise system trusted keyrings
[    0.769863] Key type blacklist registered
[    0.771007] workingset: timestamp_bits=36 max_order=19 bucket_order=0
[    0.773734] zbud: loaded
[    0.774953] squashfs: version 4.0 (2009/01/31) Phillip Lougher
[    0.776529] fuse init (API version 7.26)
[    0.780592] Key type asymmetric registered
[    0.781830] Asymmetric key parser 'x509' registered
[    0.783286] Block layer SCSI generic (bsg) driver version 0.4 loaded (major 246)
[    0.785811] io scheduler noop registered
[    0.786845] io scheduler deadline registered
[    0.787982] io scheduler cfq registered (default)
[    0.789616] ACPI: AC Adapter [AC] (on-line)
[    0.790932] input: Power Button as /devices/LNXSYSTM:00/LNXPWRBN:00/input/input0
[    0.792708] ACPI: Power Button [PWRF]
[    0.793598] input: Sleep Button as /devices/LNXSYSTM:00/LNXSLPBN:00/input/input1
[    0.795226] ACPI: Sleep Button [SLPF]
[    0.796384] Serial: 8250/16550 driver, 32 ports, IRQ sharing enabled
[    0.797751] ACPI: Battery Slot [BAT0] (battery present)
[    0.820862] 00:02: ttyS0 at I/O 0x3f8 (irq = 4, base_baud = 115200) is a 16550A
[    0.826012] Linux agpgart interface v0.103
[    0.831553] loop: module loaded
[    0.833183] scsi host0: ata_piix
[    0.834213] scsi host1: ata_piix
[    0.835190] ata1: PATA max UDMA/33 cmd 0x1f0 ctl 0x3f6 bmdma 0xd000 irq 14
[    0.837077] ata2: PATA max UDMA/33 cmd 0x170 ctl 0x376 bmdma 0xd008 irq 15
[    0.838657] libphy: Fixed MDIO Bus: probed
[    0.839787] tun: Universal TUN/TAP device driver, 1.6
[    0.840927] PPP generic driver version 2.4.2
[    0.841979] ehci_hcd: USB 2.0 'Enhanced' Host Controller (EHCI) Driver
[    0.843378] ehci-pci: EHCI PCI platform driver
[    0.844509] ehci-platform: EHCI generic platform driver
[    0.845644] ohci_hcd: USB 1.1 'Open' Host Controller (OHCI) Driver
[    0.846953] ohci-pci: OHCI PCI platform driver
[    0.847915] ohci-platform: OHCI generic platform driver
[    0.849035] uhci_hcd: USB Universal Host Controller Interface driver
[    0.850636] i8042: PNP: PS/2 Controller [PNP0303:PS2K,PNP0f03:PS2M] at 0x60,0x64 irq 1,12
[    0.852949] serio: i8042 KBD port at 0x60,0x64 irq 1
[    0.854036] serio: i8042 AUX port at 0x60,0x64 irq 12
[    0.855198] mousedev: PS/2 mouse device common for all mice
[    0.856686] input: AT Translated Set 2 keyboard as /devices/platform/i8042/serio0/input/input2
[    0.858866] rtc_cmos rtc_cmos: rtc core: registered rtc_cmos as rtc0
[    0.860398] rtc_cmos rtc_cmos: alarms up to one day, 114 bytes nvram
[    0.861727] i2c /dev entries driver
[    0.862557] device-mapper: uevent: version 1.0.3
[    0.863609] device-mapper: ioctl: 4.37.0-ioctl (2017-09-20) initialised: dm-devel@redhat.com
[    0.865498] ledtrig-cpu: registered to indicate activity on CPUs
[    0.867409] NET: Registered protocol family 10
[    0.872745] Segment Routing with IPv6
[    0.873712] NET: Registered protocol family 17
[    0.876155] Key type dns_resolver registered
[    0.877285] mce: Using 0 MCE banks
[    0.878082] RAS: Correctable Errors collector initialized.
[    0.879240] sched_clock: Marking stable (877211923, 0)->(1141268365, -264056442)
[    0.881320] registered taskstats version 1
[    0.882274] Loading compiled-in X.509 certificates
[    0.886044] Loaded X.509 cert 'Build time autogenerated kernel key: be62403dcace2d46f96dafa9f42421c610ef3c2a'
[    0.888160] zswap: loaded using pool lzo/zbud
[    0.893157] Key type big_key registered
[    0.894040] Key type trusted registered
[    0.896818] Key type encrypted registered
[    0.897729] AppArmor: AppArmor sha1 policy hashing enabled
[    0.898877] ima: No TPM chip found, activating TPM-bypass! (rc=-19)
[    0.900276] ima: Allocated hash algorithm: sha1
[    0.901373] evm: HMAC attrs: 0x1
[    0.902374]   Magic number: 0:229:3
[    0.903323] rtc_cmos rtc_cmos: setting system clock to 2020-12-15 01:00:48 UTC (1607994048)
[    0.905404] BIOS EDD facility v0.16 2004-Jun-25, 0 devices found
[    0.906668] EDD information not available.
[    1.151493] Freeing unused kernel image memory: 2436K
[    1.160754] Write protecting the kernel read-only data: 20480k
[    1.162959] Freeing unused kernel image memory: 2008K
[    1.164913] Freeing unused kernel image memory: 1872K
[    1.174528] x86/mm: Checked W+X mappings: passed, no W+X pages found.
[    1.175995] x86/mm: Checking user space page tables
[    1.185326] x86/mm: Checked W+X mappings: passed, no W+X pages found.
Loading, please wait...
starting version 237
[    1.282596] Fusion MPT base driver 3.04.20
[    1.284048] Copyright (c) 1999-2008 LSI Corporation
[    1.287018] e1000: Intel(R) PRO/1000 Network Driver - version 7.3.21-k8-NAPI
[    1.289261] e1000: Copyright (c) 1999-2006 Intel Corporation.
[    1.310323] AVX2 version of gcm_enc/dec engaged.
[    1.311941] AES CTR mode by8 optimization enabled
[    1.325706] Fusion MPT SPI Host driver 3.04.20
[    1.527314] input: ImExPS/2 Generic Explorer Mouse as /devices/platform/i8042/serio1/input/input4
[    1.822354] e1000 0000:00:03.0 eth0: (PCI:33MHz:32-bit) 02:60:71:1d:34:36
[    1.823942] e1000 0000:00:03.0 eth0: Intel(R) PRO/1000 Network Connection
[    1.826949] mptbase: ioc0: Initiating bringup
[    1.827618] e1000 0000:00:03.0 enp0s3: renamed from eth0
[    2.757125] ioc0: LSI53C1030 A0: Capabilities={Initiator}
[    4.879439] scsi host2: ioc0: LSI53C1030 A0, FwRev=00000000h, Ports=1, MaxQ=256, IRQ=20
[    6.949202] scsi 2:0:0:0: Direct-Access     VBOX     HARDDISK         1.0  PQ: 0 ANSI: 5
[    8.116034] scsi target2:0:0: Beginning Domain Validation
[    8.120112] scsi target2:0:0: Domain Validation skipping write tests
[    8.121606] scsi target2:0:0: Ending Domain Validation
[    8.122732] scsi target2:0:0: asynchronous
[    8.124114] scsi 2:0:1:0: Direct-Access     VBOX     HARDDISK         1.0  PQ: 0 ANSI: 5
[    8.867440] scsi target2:0:1: Beginning Domain Validation
[    8.871125] random: fast init done
[    8.872356] scsi target2:0:1: Domain Validation skipping write tests
[    8.873662] scsi target2:0:1: Ending Domain Validation
[    8.874792] scsi target2:0:1: asynchronous
[    8.879874] random: systemd-udevd: uninitialized urandom read (16 bytes read)
[    8.881402] random: systemd-udevd: uninitialized urandom read (16 bytes read)
[    8.882856] random: systemd-udevd: uninitialized urandom read (16 bytes read)
[    8.884731] sd 2:0:0:0: [sda] 20971520 512-byte logical blocks: (10.7 GB/10.0 GiB)
[    8.886432] sd 2:0:0:0: [sda] Write Protect is off
[    8.887581] sd 2:0:0:0: [sda] Incomplete mode parameter data
[    8.888819] sd 2:0:0:0: [sda] Assuming drive cache: write through
[    8.890769] sd 2:0:0:0: Attached scsi generic sg0 type 0
[    8.892631] sd 2:0:1:0: [sdb] 20480 512-byte logical blocks: (10.5 MB/10.0 MiB)
[    8.894321]  sda: sda1
[    8.894373] sd 2:0:1:0: [sdb] Write Protect is off
[    8.895401] sd 2:0:1:0: Attached scsi generic sg1 type 0
[    8.900253] sd 2:0:1:0: [sdb] Incomplete mode parameter data
[    8.901647] sd 2:0:1:0: [sdb] Assuming drive cache: write through
[    8.903782] sd 2:0:0:0: [sda] Attached SCSI disk
[    8.906489] sd 2:0:1:0: [sdb] Attached SCSI disk
Begin: Loading essential drivers ... [   10.548372] raid6: sse2x1   gen() 10653 MB/s
[   10.596152] raid6: sse2x1   xor()  7727 MB/s
[   10.644467] raid6: sse2x2   gen() 13030 MB/s
[   10.692245] raid6: sse2x2   xor()  8808 MB/s
[   10.740156] raid6: sse2x4   gen() 15140 MB/s
[   10.788478] raid6: sse2x4   xor()  8984 MB/s
[   10.836741] raid6: avx2x1   gen() 21308 MB/s
[   10.884109] raid6: avx2x1   xor() 14655 MB/s
[   10.932334] raid6: avx2x2   gen() 26078 MB/s
[   10.980202] raid6: avx2x2   xor() 15638 MB/s
[   11.028554] raid6: avx2x4   gen() 29681 MB/s
[   11.076341] raid6: avx2x4   xor() 17766 MB/s
[   11.077356] raid6: using algorithm avx2x4 gen() 29681 MB/s
[   11.078619] raid6: .... xor() 17766 MB/s, rmw enabled
[   11.079812] raid6: using avx2x2 recovery algorithm
[   11.082378] xor: automatically using best checksumming function   avx       
[   11.085203] async_tx: api initialized (async)
done.
Begin: Running /scripts/init-premount ... done.
Begin: Mounting root file system ... Begin: Running /scripts/local-top ... done.
Begin: Running /scripts/local-premount ... [   11.141226] Btrfs loaded, crc32c=crc32c-intel
Scanning for Btrfs filesystems
done.
Warning: fsck not present, so skipping root file system
[   11.179580] EXT4-fs (sda1): mounted filesystem with ordered data mode. Opts: (null)
done.
Begin: Running /scripts/local-bottom ... done.
Begin: Running /scripts/init-bottom ... done.
[   11.356900] ip_tables: (C) 2000-2006 Netfilter Core Team
[   11.368714] systemd[1]: systemd 237 running in system mode. (+PAM +AUDIT +SELINUX +IMA +APPARMOR +SMACK +SYSVINIT +UTMP +LIBCRYPTSETUP +GCRYPT +GNUTLS +ACL +XZ +LZ4 +SECCOMP +BLKID +ELFUTILS +KMOD -IDN2 +IDN -PCRE2 default-hierarchy=hybrid)
[   11.378059] systemd[1]: Detected virtualization oracle.
[   11.379591] systemd[1]: Detected architecture x86-64.

Welcome to [1mUbuntu 18.04.5 LTS[0m!

[   11.388760] systemd[1]: Set hostname to <ubuntu>.
[   11.394954] systemd[1]: Initializing machine ID from random generator.
[   11.397241] systemd[1]: Installed transient /etc/machine-id file.
[   11.744961] systemd[1]: Reached target User and Group Name Lookups.
[[0;32m  OK  [0m] Reached target User and Group Name Lookups.
[   11.748449] systemd[1]: Set up automount Arbitrary Executable File Formats File System Automount Point.
[[0;32m  OK  [0m] Set up automount Arbitrary Executabâ€¦rmats File System Automount Point.
[   11.775628] systemd[1]: Reached target System Time Synchronized.
[[0;32m  OK  [0m] Reached target System Time Synchronized.
[   11.779096] systemd[1]: Started Forward Password Requests to Wall Directory Watch.
[[0;32m  OK  [0m] Started Forward Password Requests to Wall Directory Watch.
[[0;32m  OK  [0m] Reached target Swap.
[[0;32m  OK  [0m] Created slice System Slice.
[[0;32m  OK  [0m] Listening on Journal Audit Socket.
[[0;32m  OK  [0m] Listening on Journal Socket.
         Starting Create list of required stâ€¦ce nodes for the current kernel...
[[0;32m  OK  [0m] Listening on udev Kernel Socket.
[[0;32m  OK  [0m] Listening on Syslog Socket.
         Mounting Kernel Debug File System...
[[0;32m  OK  [0m] Listening on udev Control Socket.
         Starting udev Coldplug all Devices...
         Starting Uncomplicated firewall...
         Starting Remount Root and Kernel File Systems...
[[0;32m  OK  [0m] Created slice system-serial\x2dgetty.slice.
         Starting Load Kernel Modules...
[[0;32m  OK  [0m] Listening on /dev/initctl Compatibility Named Pipe.
[[0;32m  OK  [0m] Listening on Network Service Netlink Socket.
[[0;32m  OK  [0m] Listening on LVM2 metadata daemon socket.
         Mounting POSIX Message Queue File System...
[[0;32m  OK  [0m[   11.842990] EXT4-fs (sda1): re-mounted. Opts: (null)
] Listening on LVM2 poll daemon socket.
         Starting Set the console keyboard layout...
[[0;32m  OK  [0m] Listening on Device-mapper event daemon FIFOs.
         Starting Monitoring of LVM2 mirrorsâ€¦ng dmeventd or progress polling...
[[0;32m  OK  [0m] Listening on Journal Socket (/dev/log).
         Starting Journal Service...
[   11.856375] Loading iSCSI transport class v2.0-870.
         Mounting Huge Pages File System...
[[0;32m  OK  [0m] Created slice User and Session Slice.
[[0;32m  OK  [0m] Reached target Slices.
[[0;32m  OK  [0m] Started Create list of required staâ€¦vice nodes for the current kernel.
[[0;32m  OK  [0m] Mounted Kernel Debug File System.
[[0;32m  OK  [0m] Started Uncomplicated firewall.
[[0;32m  OK  [0m] Started Remount Root and Kernel File Systems.
[[0;32m  OK  [0m] Mounted POSIX Message Queue File System.
[[0;32m  OK  [0m] Mounted Huge Pages File System.
[   11.876993] iscsi: registered transport (tcp)
         Starting Load/Save Random Seed...
         Starting Create Static Device Nodes in /dev...
[[0;32m  OK  [0m] Started udev Coldplug all Devices.
[[0;32m  OK  [0m] Started Load/Save Random Seed.
[[0;32m  OK  [0m] Started LVM2 metadata daemon.
[[0;32m  OK  [0m] Started Journal Service.
[   11.972308] iscsi: registered transport (iser)
[[0;32m  OK  [0m] Started Load Kernel Modules.
         Mounting Kernel Configuration File System...
         Starting Apply Kernel Variables...
         Mounting FUSE Control File System...
         Starting Flush Journal to Persistent Storage...
[[0;32m  OK  [0m] Mounted Kernel Configuration File System.
[[0;32m  OK  [0m] Mounted FUSE Control File System.
[[0;32m  OK  [0m] Started Create Static Device Nodes in /dev.
[[0;32m  OK  [0m] Started Monitoring of LVM2 mirrors,â€¦sing dmeventd or progress polling.
[[0;32m  OK  [0m] Started Apply Kernel Variables.
         Starting udev Kernel Device Manager...
[[0;32m  OK  [0m] Started Flush Journal to Persistent Storage.
[[0;32m  OK  [0m] Started udev Kernel Device Manager.
[[0;32m  OK  [0m] Found device /dev/ttyS0.
[[0;32m  OK  [0m] Listening on Load/Save RF Kill Switch Status /dev/rfkill Watch.
[[0;32m  OK  [0m] Started Set the console keyboard layout.
[[0;32m  OK  [0m] Started Dispatch Password Requests to Console Directory Watch.
[[0;32m  OK  [0m] Reached target Local Encrypted Volumes.
[[0;32m  OK  [0m] Reached target Local File Systems (Pre).
[[0;32m  OK  [0m] Reached target Local File Systems.
         Starting Set console font and keymap...
         Starting Commit a transient machine-id on disk...
         Starting Create Volatile Files and Directories...
         Starting Tell Plymouth To Write Out Runtime Data...
         Starting AppArmor initialization...
         Starting ebtables ruleset management...
[[0;32m  OK  [0m] Started Set console font and keymap.
[[0;32m  OK  [0m] Started Tell Plymouth To Write Out Runtime Data.
[[0;32m  OK  [0m] Started Create Volatile Files and Directories.
[[0;32m  OK  [0m] Started Commit a transient machine-id on disk.
         Starting Update UTMP about System Boot/Shutdown...
[[0;32m  OK  [0m] Started Update UTMP about System Boot/Shutdown.
[[0;32m  OK  [0m] Started ebtables ruleset management.
[[0;32m  OK  [0m] Started AppArmor initialization.
         Starting Initial cloud-init job (pre-networking)...
         Starting Load AppArmor profiles managed internally by snapd...
[[0;32m  OK  [0m] Started Load AppArmor profiles managed internally by snapd.
[   16.833737] cloud-init[665]: Cloud-init v. 20.3-2-g371b392c-0ubuntu1~18.04.1 running 'init-local' at Tue, 15 Dec 2020 01:01:03 +0000. Up 16.33 seconds.
[[0;32m  OK  [0m] Started Initial cloud-init job (pre-networking).
[[0;32m  OK  [0m] Reached target Network (Pre).
         Starting Network Service...
[[0;32m  OK  [0m] Started Network Service.
         Starting Network Name Resolution...
         Starting Wait for Network to be Configured...
[[0;32m  OK  [0m] Started Network Name Resolution.
[[0;32m  OK  [0m] Reached target Host and Network Name Lookups.
[[0;32m  OK  [0m] Reached target Network.
[[0;32m  OK  [0m] Started Wait for Network to be Configured.
         Starting Initial cloud-init job (metadata service crawler)...
[   19.780343] cloud-init[801]: Cloud-init v. 20.3-2-g371b392c-0ubuntu1~18.04.1 running 'init' at Tue, 15 Dec 2020 01:01:07 +0000. Up 19.51 seconds.
[   19.782978] cloud-init[801]: ci-info: ++++++++++++++++++++++++++++++++++++++Net device info++++++++++++++++++++++++++++++++++++++
[   19.785688] cloud-init[801]: ci-info: +--------+------+----------------------------+---------------+--------+-------------------+
[   19.789023] cloud-init[801]: ci-info: | Device |  Up  |          Address           |      Mask     | Scope  |     Hw-Address    |
[   19.791626] cloud-init[801]: ci-info: +--------+------+----------------------------+---------------+--------+-------------------+
[   19.793941] cloud-init[801]: ci-info: | enp0s3 | True |         10.0.2.15          | 255.255.255.0 | global | 02:60:71:1d:34:36 |
[   19.796231] cloud-init[801]: ci-info: | enp0s3 | True | fe80::60:71ff:fe1d:3436/64 |       .       |  link  | 02:60:71:1d:34:36 |
[   19.798562] cloud-init[801]: ci-info: |   lo   | True |         127.0.0.1          |   255.0.0.0   |  host  |         .         |
[   19.800859] cloud-init[801]: ci-info: |   lo   | True |          ::1/128           |       .       |  host  |         .         |
[   19.803552] cloud-init[801]: ci-info: +--------+------+----------------------------+---------------+--------+-------------------+
[   19.806573] cloud-init[801]: ci-info: ++++++++++++++++++++++++++++Route IPv4 info+++++++++++++++++++++++++++++
[   19.808771] cloud-init[801]: ci-info: +-------+-------------+----------+-----------------+-----------+-------+
[   19.811046] cloud-init[801]: ci-info: | Route | Destination | Gateway  |     Genmask     | Interface | Flags |
[   19.812845] cloud-init[801]: ci-info: +-------+-------------+----------+-----------------+-----------+-------+
[   19.814779] cloud-init[801]: ci-info: |   0   |   0.0.0.0   | 10.0.2.2 |     0.0.0.0     |   enp0s3  |   UG  |
[   19.816713] cloud-init[801]: ci-info: |   1   |   10.0.2.0  | 0.0.0.0  |  255.255.255.0  |   enp0s3  |   U   |
[   19.828565] cloud-init[801]: ci-info: |   2   |   10.0.2.2  | 0.0.0.0  | 255.255.255.255 |   enp0s3  |   UH  |
[   19.830823] cloud-init[801]: ci-info: +-------+-------------+----------+-----------------+-----------+-------+
[   19.833703] cloud-init[801]: ci-info: +++++++++++++++++++Route IPv6 info+++++++++++++++++++
[   19.844360] cloud-init[801]: ci-info: +-------+-------------+---------+-----------+-------+
[   19.846488] cloud-init[801]: ci-info: | Route | Destination | Gateway | Interface | Flags |
[   19.848360] cloud-init[801]: ci-info: +-------+-------------+---------+-----------+-------+
[   19.860605] cloud-init[801]: ci-info: |   1   |  fe80::/64  |    ::   |   enp0s3  |   U   |
[   19.862173] cloud-init[801]: ci-info: |   3   |    local    |    ::   |   enp0s3  |   U   |
[   19.864207] cloud-init[801]: ci-info: |   4   |   ff00::/8  |    ::   |   enp0s3  |   U   |
[   19.865963] cloud-init[801]: ci-info: +-------+-------------+---------+-----------+-------+
[   20.706412] cloud-init[801]: Generating public/private rsa key pair.
[   20.707961] cloud-init[801]: Your identification has been saved in /etc/ssh/ssh_host_rsa_key.
[   20.709852] cloud-init[801]: Your public key has been saved in /etc/ssh/ssh_host_rsa_key.pub.
[   20.711977] cloud-init[801]: The key fingerprint is:
[   20.712841] cloud-init[801]: SHA256:CyDFiBR5HVrJEHG5xRptUpWD7QsQtWIVFh9dIqIfmIU root@ubuntu-bionic
[   20.714315] cloud-init[801]: The key's randomart image is:
[   20.715308] cloud-init[801]: +---[RSA 2048]----+
[   20.724295] cloud-init[801]: |.+o*B=@X*+o...   |
[   20.725255] cloud-init[801]: |...o=EB*++o..    |
[   20.726231] cloud-init[801]: |  o..*Oo...      |
[   20.727048] cloud-init[801]: |   ..+o...       |
[   20.727910] cloud-init[801]: |      ..S .      |
[   20.728933] cloud-init[801]: |       . o       |
[   20.729905] cloud-init[801]: |        .        |
[   20.730866] cloud-init[801]: |                 |
[   20.731819] cloud-init[801]: |                 |
[   20.732673] cloud-init[801]: +----[SHA256]-----+
[   20.733834] cloud-init[801]: Generating public/private dsa key pair.
[   20.735131] cloud-init[801]: Your identification has been saved in /etc/ssh/ssh_host_dsa_key.
[   20.736733] cloud-init[801]: Your public key has been saved in /etc/ssh/ssh_host_dsa_key.pub.
[   20.738416] cloud-init[801]: The key fingerprint is:
[   20.748415] cloud-init[801]: SHA256:NxxCskta4vjLkqfhJLs8LYANaZGtYBxcc3Lyyfhc/GA root@ubuntu-bionic
[   20.750366] cloud-init[801]: The key's randomart image is:
[   20.751654] cloud-init[801]: +---[DSA 1024]----+
[   20.752940] cloud-init[801]: |o.== o. .        |
[   20.764387] cloud-init[801]: |.* .X o+         |
[   20.765582] cloud-init[801]: |o.o..++E. .      |
[   20.766666] cloud-init[801]: |oo oo=o.oo .     |
[   20.767697] cloud-init[801]: |oo. oo. S.+      |
[   20.768646] cloud-init[801]: |o ..     . .     |
[   20.769937] cloud-init[801]: |o +..            |
[   20.771460] cloud-init[801]: |.Bo+..           |
[   20.772937] cloud-init[801]: |oo=+o            |
[   20.774451] cloud-init[801]: +----[SHA256]-----+
[   20.775621] cloud-init[801]: Generating public/private ecdsa key pair.
[   20.777195] cloud-init[801]: Your identification has been saved in /etc/ssh/ssh_host_ecdsa_key.
[   20.779322] cloud-init[801]: Your public key has been saved in /etc/ssh/ssh_host_ecdsa_key.pub.
[   20.782056] cloud-init[801]: The key fingerprint is:
[   20.792491] cloud-init[801]: SHA256:W9lKonptP5inCODjDXqlf/JLfOXg4k9wDURNxdc/rM0 root@ubuntu-bionic
[   20.794614] cloud-init[801]: The key's randomart image is:
[   20.795914] cloud-init[801]: +---[ECDSA 256]---+
[   20.797115] cloud-init[801]: |       .oo.o.  . |
[   20.798293] cloud-init[801]: |       .  . . . .|
[   20.799515] cloud-init[801]: |        .    .. .|
[   20.800833] cloud-init[801]: |         o o   o.|
[   20.801984] cloud-init[801]: |  .   . S * . + .|
[   20.803170] cloud-init[801]: | . ... = O . . E |
[   20.804548] cloud-init[801]: |  +o. =.=oo      |
[   20.805856] cloud-init[801]: | oo+.=o== o      |
[   20.807004] cloud-init[801]: |....+==+o+..     |
[   20.808076] cloud-init[801]: +----[SHA256]-----+
[   20.809248] cloud-init[801]: Generating public/private ed25519 key pair.
[   20.810765] cloud-init[801]: Your identification has been saved in /etc/ssh/ssh_host_ed25519_key.
[   20.813009] cloud-init[801]: Your public key has been saved in /etc/ssh/ssh_host_ed25519_key.pub.
[   20.815091] cloud-init[801]: The key fingerprint is:
[   20.816384] cloud-init[801]: SHA256:C1EwjRhNtuOM24Y4DxognHHeAl4+fMXgwWNprdnaXXQ root@ubuntu-bionic
[   20.818458] cloud-init[801]: The key's randomart image is:
[   20.819794] cloud-init[801]: +--[ED25519 256]--+
[   20.832507] cloud-init[801]: |    oBB+.        |
[   20.844346] cloud-init[801]: |    oB*=.  . E   |
[[   20.856222] cloud-init[801]: | o oo.Oo  . .    |
[   20.856312] cloud-init[801]: |o X .*.+   .     |
[   20.856908] cloud-init[801]: |o+ *.o* S .      |
[   20.857502] cloud-init[801]: |o  .+= o o       |
[   20.858082] cloud-init[801]: |. + o o .        |
[   20.858456] cloud-init[801]: | o + .           |
[   20.859071] cloud-init[801]: |.   .            |
[   20.859451] cloud-init[801]: +----[SHA256]-----+
[0;32m  OK  [0m] Started Initial cloud-init job (metadata service crawler).
[[0;32m  OK  [0m] Reached target System Initialization.
[[0;32m  OK  [0m] Started Daily Cleanup of Temporary Directories.
[[0;32m  OK  [0m] Started Message of the Day.
[[0;32m  OK  [0m] Started ACPI Events Check.
         Starting Socket activation for snappy daemon.
[[0;32m  OK  [0m] Listening on ACPID Listen Socket.
[[0;32m  OK  [0m] Listening on UUID daemon activation socket.
         Starting LXD - unix socket.
[[0;32m  OK  [0m] Listening on Open-iSCSI iscsid Socket.
[[0;32m  OK  [0m] Listening on D-Bus System Message Bus Socket.
[[0;32m  OK  [0m] Reached target Paths.
[[0;32m  OK  [0m] Started Daily apt download activities.
[[0;32m  OK  [0m] Started Daily apt upgrade and clean activities.
[[0;32m  OK  [0m] Started Discard unused blocks once a week.
[[0;32m  OK  [0m] Reached target Timers.
[[0;32m  OK  [0m] Reached target Network is Online.
[[0;32m  OK  [0m] Reached target Remote File Systems (Pre).
[[0;32m  OK  [0m] Reached target Remote File Systems.
         Starting Availability of block devices...
[[0;32m  OK  [0m] Reached target Cloud-config availability.
[[0;32m  OK  [0m] Listening on Socket activation for snappy daemon.
[[0;32m  OK  [0m] Listening on LXD - unix socket.
[[0;32m  OK  [0m] Reached target Sockets.
[[0;32m  OK  [0m] Reached target Basic System.
         Starting Login Service...
[[0;32m  OK  [0m] Started FUSE filesystem for LXC.
         Starting Accounts Service...
[[0;32m  OK  [0m] Started Regular background program processing daemon.
[[0;32m  OK  [0m] Started irqbalance daemon.
         Starting LSB: Record successful boot for GRUB...
         Starting LXD - container startup/shutdown...
         Starting Virtualbox guest utils...
         Starting Snap Daemon...
         Starting Dispatcher daemon for systemd-networkd...
[[0;32m  OK  [0m] Started Deferred execution scheduler.
         Starting Pollinate to seed the pseudo random number generator...
         Starting LSB: automatic crash report generation...
[[0;32m  OK  [0m] Started D-Bus System Message Bus.
[[0;32m  OK  [0m] Started Login Service.
[[0;32m  OK  [0m] Started Unattended Upgrades Shutdown.
         Starting Permit User Sessions...
         Starting System Logging Service...
[[0;32m  OK  [0m] Started Availability of block devices.
[[0;32m  OK  [0m] Started LXD - container startup/shutdown.
[[0;32m  OK  [0m] Started System Logging Service.
[[0;32m  OK  [0m] Started Permit User Sessions.
         Starting Terminate Plymouth Boot Screen...
         Starting Hold until boot process finishes up...
[[0;32m  OK  [0m] Started Hold until boot process finishes up.
         Starting Set console scheme...
[[0;32m  OK  [0m] Started Serial Getty on ttyS0.
[[0;32m  OK  [0m] Started Terminate Plymouth Boot Screen.
[[0;32m  OK  [0m] Started LSB: automatic crash report generation.
[[0;32m  OK  [0m] Started Set console scheme.
[[0;32m  OK  [0m] Created slice system-getty.slice.
[[0;32m  OK  [0m] Started Getty on tty1.
[[0;32m  OK  [0m] Reached target Login Prompts.
         Starting Authorization Manager...
[[0;32m  OK  [0m] Started LSB: Record successful boot for GRUB.
[[0;32m  OK  [0m] Started Authorization Manager.
[[0;32m  OK  [0m] Started Accounts Service.
[[0;32m  OK  [0m] Started Virtualbox guest utils.
[[0;32m  OK  [0m] Started Dispatcher daemon for systemd-networkd.
[[0;32m  OK  [0m] Started Snap Daemon.
         Starting Wait until snapd is fully seeded...
[[0;32m  OK  [0m] Started Pollinate to seed the pseudo random number generator.
         Starting OpenBSD Secure Shell server...
[[0;32m  OK  [0m] Started OpenBSD Secure Shell server.
[[0;32m  OK  [0m] Created slice User Slice of vagrant.
         Starting User Manager for UID 1000...
[[0;32m  OK  [0m] Started Session 1 of user vagrant.
[[0;32m  OK  [0m] Started User Manager for UID 1000.

Ubuntu 18.04.5 LTS ubuntu-bionic ttyS0

ubuntu-bionic login: [   37.660347] cloud-init[2067]: Cloud-init v. 20.3-2-g371b392c-0ubuntu1~18.04.1 running 'modules:config' at Tue, 15 Dec 2020 01:01:24 +0000. Up 37.02 seconds.
ci-info: no authorized SSH keys fingerprints found for user ubuntu.
<14>Dec 15 01:01:26 ec2: 
<14>Dec 15 01:01:26 ec2: #############################################################
<14>Dec 15 01:01:26 ec2: -----BEGIN SSH HOST KEY FINGERPRINTS-----
<14>Dec 15 01:01:26 ec2: 1024 SHA256:NxxCskta4vjLkqfhJLs8LYANaZGtYBxcc3Lyyfhc/GA root@ubuntu-bionic (DSA)
<14>Dec 15 01:01:26 ec2: 256 SHA256:W9lKonptP5inCODjDXqlf/JLfOXg4k9wDURNxdc/rM0 root@ubuntu-bionic (ECDSA)
<14>Dec 15 01:01:26 ec2: 256 SHA256:C1EwjRhNtuOM24Y4DxognHHeAl4+fMXgwWNprdnaXXQ root@ubuntu-bionic (ED25519)
<14>Dec 15 01:01:26 ec2: 2048 SHA256:CyDFiBR5HVrJEHG5xRptUpWD7QsQtWIVFh9dIqIfmIU root@ubuntu-bionic (RSA)
<14>Dec 15 01:01:26 ec2: -----END SSH HOST KEY FINGERPRINTS-----
<14>Dec 15 01:01:26 ec2: #############################################################
-----BEGIN SSH HOST KEY KEYS-----
ecdsa-sha2-nistp256 AAAAE2VjZHNhLXNoYTItbmlzdHAyNTYAAAAIbmlzdHAyNTYAAABBBDP4Kt/L00H8I1zXMdgVLLGf6mZsO/Oq9Sd7h+KE5vKBhMABKnN2sziC0tKdCOAHjOCGLMAkk64CqfbBcfsuGmo= root@ubuntu-bionic
ssh-ed25519 AAAAC3NzaC1lZDI1NTE5AAAAIMt6n+YWUW5BIiMiHrUdEF3VeE3h9q+461j7rjoVxT+U root@ubuntu-bionic
ssh-rsa AAAAB3NzaC1yc2EAAAADAQABAAABAQDnZmm089q1+hctt4ZpOT2GLvCS3lfK36lbac0KEgfeuslgXN1Wl+LvBZoha17QKOQVvLshY3TdK0hha3ytaOy7YdnYMoUAgfypZVKsiIAFSDTmWIm82UmK43sSsoi5aMoZD9sM9jNb/4CK0A3NKuj2w9sFqk34E3UyS/I6Fz2d0jlTn6omjoioHdjDw0cF438xSgdmsxC0OvjIIiNcF6UELkCQdClLS7C7PRrD6HwOHds64+niXU3DEzXzhJ5M9DKDH7iACDJKECaOknYw8h8gEh6H8bdP2zpXMKCxMEAqhFT5QtRo2lp89/6Md8ERDi2Y4GTG+TZdNwqd07tTfyEF root@ubuntu-bionic
-----END SSH HOST KEY KEYS-----
[   38.653425] cloud-init[2135]: Cloud-init v. 20.3-2-g371b392c-0ubuntu1~18.04.1 running 'modules:final' at Tue, 15 Dec 2020 01:01:25 +0000. Up 38.39 seconds.
[   38.661104] cloud-init[2135]: ci-info: no authorized SSH keys fingerprints found for user ubuntu.
[   38.668242] cloud-init[2135]: Cloud-init v. 20.3-2-g371b392c-0ubuntu1~18.04.1 finished at Tue, 15 Dec 2020 01:01:26 +0000. Datasource DataSourceNoCloud [seed=/dev/sdb][dsmode=net].  Up 38.62 seconds
